Line 2: t1b already declared on line 1
Line 3: t1b already declared on line 1
