EPSILON IS NOOOOOOOT A TOKEN !!! tsTok1 tsTok2 tsTok3 tsTok6 aAes1 bSta2 fsTok2
